// Jest Snapshot v1, https://goo.gl/fbAQLP

exports[`Query.me should fetch current user 1`] = `
Object {
  "me": Object {
    "id": "1",
    "name": "Ray Edwards",
    "picture": "https://randomuser.me/api/portraits/thumb/lego/1.jpg",
  },
}
`;
